// Jest Snapshot v1, https://goo.gl/fbAQLP

exports[`Render Header 1`] = `
<div
  className="quote-page"
>
  <h1>
    today's quote....
  </h1>
  <p>
    When the seas of life get rough, remember your Lifeguard walks on water. - Unknown
  </p>
</div>
`;
