// Jest Snapshot v1, https://goo.gl/fbAQLP

exports[`Render buttons 1`] = `
<button
  className="Calc-btn"
  onClick={[Function]}
  type="button"
>
  test
</button>
`;
