// Jest Snapshot v1, https://goo.gl/fbAQLP

exports[`Render calculator 1`] = `
<div
  className="calc-page"
>
  <div>
    <h2
      className="title2"
    >
      Let's do some math!
    </h2>
  </div>
  <div
    className="Calc-body"
  >
    <div
      className="Calc-display"
    >
      0
    </div>
    <div
      className="Calc-btns"
    >
      <div
        className="Grey-btns"
      >
        <div
          className="Grey-btns1"
        >
          <button
            className="Calc-btn"
            onClick={[Function]}
            type="button"
          >
            AC
          </button>
          <button
            className="Calc-btn"
            onClick={[Function]}
            type="button"
          >
            +/-
          </button>
          <button
            className="Calc-btn"
            onClick={[Function]}
            type="button"
          >
            %
          </button>
          <button
            className="Calc-btn"
            onClick={[Function]}
            type="button"
          >
            7
          </button>
          <button
            className="Calc-btn"
            onClick={[Function]}
            type="button"
          >
            8
          </button>
          <button
            className="Calc-btn"
            onClick={[Function]}
            type="button"
          >
            9
          </button>
          <button
            className="Calc-btn"
            onClick={[Function]}
            type="button"
          >
            4
          </button>
          <button
            className="Calc-btn"
            onClick={[Function]}
            type="button"
          >
            5
          </button>
          <button
            className="Calc-btn"
            onClick={[Function]}
            type="button"
          >
            6
          </button>
          <button
            className="Calc-btn"
            onClick={[Function]}
            type="button"
          >
            1
          </button>
          <button
            className="Calc-btn"
            onClick={[Function]}
            type="button"
          >
            2
          </button>
          <button
            className="Calc-btn"
            onClick={[Function]}
            type="button"
          >
            3
          </button>
        </div>
        <div
          className="Grey-btns2"
        >
          <button
            className="Calc-btn"
            onClick={[Function]}
            type="button"
          >
            0
          </button>
          <button
            className="Calc-btn"
            onClick={[Function]}
            type="button"
          >
            .
          </button>
        </div>
      </div>
      <div
        className="Orange-btns"
      >
        <button
          className="Calc-btn"
          onClick={[Function]}
          type="button"
        >
          รท
        </button>
        <button
          className="Calc-btn"
          onClick={[Function]}
          type="button"
        >
          x
        </button>
        <button
          className="Calc-btn"
          onClick={[Function]}
          type="button"
        >
          -
        </button>
        <button
          className="Calc-btn"
          onClick={[Function]}
          type="button"
        >
          +
        </button>
        <button
          className="Calc-btn"
          onClick={[Function]}
          type="button"
        >
          =
        </button>
      </div>
    </div>
  </div>
</div>
`;
